src/pages/ClientsPage.tsx(2,41): error TS6133: 'CardTitle' is declared but its value is never read.
src/pages/DocumentsPage.tsx(2,41): error TS6133: 'CardTitle' is declared but its value is never read.
src/pages/DocumentsPage.tsx(6,10): error TS6133: 'Plus' is declared but its value is never read.
src/pages/DocumentsPage.tsx(32,84): error TS2322: Type '{ className: string; title: string; }' is not assignable to type 'IntrinsicAttributes & Omit<LucideProps, "ref"> & RefAttributes<SVGSVGElement>'.
  Property 'title' does not exist on type 'IntrinsicAttributes & Omit<LucideProps, "ref"> & RefAttributes<SVGSVGElement>'.
src/pages/DocumentsPage.tsx(33,77): error TS2322: Type '{ className: string; title: string; }' is not assignable to type 'IntrinsicAttributes & Omit<LucideProps, "ref"> & RefAttributes<SVGSVGElement>'.
  Property 'title' does not exist on type 'IntrinsicAttributes & Omit<LucideProps, "ref"> & RefAttributes<SVGSVGElement>'.
src/pages/DocumentsPage.tsx(34,78): error TS2322: Type '{ className: string; title: string; }' is not assignable to type 'IntrinsicAttributes & Omit<LucideProps, "ref"> & RefAttributes<SVGSVGElement>'.
  Property 'title' does not exist on type 'IntrinsicAttributes & Omit<LucideProps, "ref"> & RefAttributes<SVGSVGElement>'.
src/pages/EmployeesPage.tsx(2,41): error TS6133: 'CardTitle' is declared but its value is never read.
src/pages/EmployeesPage.tsx(5,42): error TS6133: 'MoreVertical' is declared but its value is never read.
